
    1. Расстановка новых прерываний для обработки INT 80h
    2. Загрузить первую программу в память: командный интерпретатор
       (до 64 кб)
    
    3. Написать обработчик прерываний для доступа к диску и работы с
       файлами

       INT 80h

        00 Открыть файл или папку по указанному пути
        01 Чтение из файла
        02 Запись в файл 
        03 Переместить указатель внутри файла
        04 Закрыть файл
        05 Перейти к первой записи в текущем каталоге
        06 Прочитать атрибуты файла или папки в текущем курсоре
        07 Перейти к следующему файлу в текущей категории
        08 Зайти в папку, в том числе можно зайти в [..]
        09 Создать новый файл или папку
        0A Удалить файл или папку
        0B Переименовать имя или атрибуты текущего файла
        0С Переместиться в корневую директорию

       INT 81h

        00 Видеорежим
        01 Точка
        02 Произвольная линия
        03 Напечатать на экране

    4. Написать виртуальную машину для исполнения 8086-го кода
    5. Сделать установщик ОС на жесткий диск


